   -- dump  -- 
Elenemts : 0 
------------ ws_list_get_at ----------------
name : ele2 -> value2
   -- dump  -- 
Elenemts : 4 
   name : ele0 -> value0
   name : ele1 -> value1
   name : ele2 -> value2
   name : ele3 -> value3
------------ ws_list_extract_at ----------------
name : ele1 -> value1
free name : ele1 -> value1
   -- dump  -- 
Elenemts : 3 
   name : ele0 -> value0
   name : ele2 -> value2
   name : ele3 -> value3
------------ ws_list_seek ----------------
name : ele0 -> value0
------------ ws_list_empty 1 ----------------
Liste gefÃ¼llt
------------ ws_list_delete 2 ----------------
free name : ele2 -> value2
   -- dump  -- 
Elenemts : 2 
   name : ele0 -> value0
   name : ele3 -> value3
------------ ws_list_destroy ----------------
free name : ele0 -> value0
free name : ele3 -> value3
------------ ws_list_empty 2 ----------------
Liste leer
   -- dump  -- 
Elenemts : 3 
   name : ele2 -> value2
   name : ele1 -> value1
   name : ele0 -> value0
free name : ele2 -> value2
free name : ele1 -> value1
free name : ele0 -> value0
free name : ele1 -> value1
free name : ele0 -> value0
free name : ele2 -> value2
